2026-05-15T22:22:19.397+0200 [DEBUG] [org.gradle.launcher.daemon.bootstrap.DaemonMain] Assuming the daemon was started with following jvm opts: [--add-opens, java.base/java.util=ALL-UNNAMED, --add-opens, java.base/java.lang=ALL-UNNAMED, --add-opens, java.base/java.lang.invoke=ALL-UNNAMED, --add-opens, java.prefs/java.util.prefs=ALL-UNNAMED, -Dfile.encoding=UTF-8, -Duser.country, -Duser.language=en, -Duser.variant]
2026-05-15T22:22:19.433+0200 [INFO] [org.gradle.launcher.daemon.server.Daemon] start() called on daemon - DefaultDaemonContext[uid=cebde1d8-4d5b-429a-8927-35eddb0ecc2c,javaHome=/home/julien/personal-project/sholi/env/java11,daemonRegistryDir=/home/julien/personal-project/sholi/.gradle-home/daemon,pid=40,idleTimeout=120000,priority=NORMAL,daemonOpts=--add-opens,java.base/java.util=ALL-UNNAMED,--add-opens,java.base/java.lang=ALL-UNNAMED,--add-opens,java.base/java.lang.invoke=ALL-UNNAMED,--add-opens,java.prefs/java.util.prefs=ALL-UNNAMED,-Dfile.encoding=UTF-8,-Duser.country,-Duser.language=en,-Duser.variant]
Daemon vm is shutting down... The daemon has exited normally or was terminated in response to a user interrupt.
2026-05-15T22:22:19.442+0200 [DEBUG] [org.gradle.launcher.daemon.registry.PersistentDaemonRegistry] Removing daemon address: null
2026-05-15T22:22:19.445+0200 [DEBUG] [org.gradle.launcher.daemon.server.Daemon] VM shutdown hook was unable to remove the daemon address from the registry. It will be cleaned up later.
java.lang.RuntimeException: Could not determine a usable wildcard IP for this machine.
	at org.gradle.internal.remote.internal.inet.InetAddressFactory.getWildcardBindingAddress(InetAddressFactory.java:88)
	at org.gradle.cache.internal.locklistener.FileLockCommunicator.<init>(FileLockCommunicator.java:49)
	at org.gradle.cache.internal.locklistener.DefaultFileLockContentionHandler.getCommunicator(DefaultFileLockContentionHandler.java:263)
	at org.gradle.cache.internal.locklistener.DefaultFileLockContentionHandler.reservePort(DefaultFileLockContentionHandler.java:255)
	at org.gradle.cache.internal.DefaultFileLockManager.lock(DefaultFileLockManager.java:108)
	at org.gradle.cache.internal.DefaultFileLockManager.lock(DefaultFileLockManager.java:95)
	at org.gradle.cache.internal.DefaultFileLockManager.lock(DefaultFileLockManager.java:90)
	at org.gradle.cache.internal.OnDemandFileAccess.updateFile(OnDemandFileAccess.java:51)
	at org.gradle.cache.internal.SimpleStateCache.update(SimpleStateCache.java:87)
	at org.gradle.cache.internal.FileIntegrityViolationSuppressingPersistentStateCacheDecorator$1.create(FileIntegrityViolationSuppressingPersistentStateCacheDecorator.java:50)
	at org.gradle.cache.internal.FileIntegrityViolationSuppressingPersistentStateCacheDecorator.doUpdate(FileIntegrityViolationSuppressingPersistentStateCacheDecorator.java:67)
	at org.gradle.cache.internal.FileIntegrityViolationSuppressingPersistentStateCacheDecorator.update(FileIntegrityViolationSuppressingPersistentStateCacheDecorator.java:47)
	at org.gradle.launcher.daemon.registry.PersistentDaemonRegistry.remove(PersistentDaemonRegistry.java:133)
	at org.gradle.launcher.daemon.server.Daemon$1.run(Daemon.java:127)
	at java.base/java.lang.Thread.run(Thread.java:829)
Caused by: java.net.SocketException: Operation not permitted (Socket creation failed)
	at java.base/java.net.NetworkInterface.getAll(Native Method)
	at java.base/java.net.NetworkInterface.getNetworkInterfaces(NetworkInterface.java:359)
	at org.gradle.internal.remote.internal.inet.InetAddresses.analyzeNetworkInterfaces(InetAddresses.java:43)
	at org.gradle.internal.remote.internal.inet.InetAddresses.<init>(InetAddresses.java:39)
	at org.gradle.internal.remote.internal.inet.InetAddressFactory.init(InetAddressFactory.java:99)
	at org.gradle.internal.remote.internal.inet.InetAddressFactory.getWildcardBindingAddress(InetAddressFactory.java:84)
	... 14 more
